AREA .  .ABS.
	RADIX HEX
	BASE 0000
	SIZE 0000
	ATTRIB ABS OVR
	GLOBALS
		l__HEAP	0000
		l__BSEG	0000
		l_.  .ABS.	0000
		l__GSFINAL	0000
		l__ISEG	0000
		s_.  .ABS.	0000
		s__HEADER	0000
		l__XSEG	0000
		.init	0000
		l__OVERLAY	0000
		l__LIT	0000
		s__SFR	0000
		l__GSINITTAIL	0001
		l__BSS	0087
		l__DATA	00DF
		l__HEADER	01EB
		s__CODE	0200
		l__GSINIT	0434
		l__HOME	04E6
		l__BASE	1161
		l__CODE	3762
		s__HOME	3962
		s__BASE	3E48
		s__LIT	4FA9
		s__GSINIT	4FA9
		s__GSINITTAIL	53DD
		s__GSFINAL	53DE
		.OAM	C000
		s__DATA	C0A0
		s__BSS	C17F
		s__HEAP	C206
		s__BSEG	C206
		s__ISEG	C206
		s__XSEG	C206
		s__OVERLAY	C206
		.STACK	E000
		.refresh_OAM	FF80
		l__SFR	10000
AREA _CODE
	RADIX HEX
	BASE 0200
	SIZE 3762
	ATTRIB REL CON
	GLOBALS
		_fadeout	0200
		_splashscreen_data	0256
		_splashscreen_map	0AD6
		_fadein	0C3E
		_splashPage	0C8A
		_playDoorSound	0CD3
		_playCollisionSound	0CE4
		_getCPUMonsterTeam	0CF9
		_wall	0D5C
		_room_top_data	0D5D
		_room_top_map	0E4D
		_room_middle_data	0FB5
		_room_middle_map	10E5
		_room_bottom_data	124D
		_room_bottom_map	133D
		_rooms	14A5
		_ElementalTypes	14BA
		_CPU_info	15AF
		_getCPUIsDefeated	161E
		_getCPUDefeatedDialog	167E
		_init_stack	16E4
		_monsters	16FB
		_Select_Screen_data	1ABD
		_Select_Screen_map	1BAD
		_startCursor	1D15
		_is_empty	1D16
		_is_full	1D4D
		_push	1D83
		_pop	1DF5
		_get_size	1E7B
		_printPaddedNumber	1E93
		_printPaddedString	1F18
		_displayMonsterInfo	1F80
		_setBackgound	215E
		_displayMonsterList	2270
		_selectInput	2329
		_selectMonsters	2680
		_setNavi	26A7
		_setUpPlayer	26B1
		_displayRoom	2721
		_NavgateCurrentRoom	2791
		_moveInput	27BF
		_onDoor	2BDD
		_Navigation	2CF5
		_isWallCollisionDetected	2DCA
		_canplayermove	2E23
		_isCPUCollisionDetected	2E60
		_isLookingAtCPU	2EF3
		_movegamecharacter	2F60
		_updategamecharacter	2FC4
		_copyCPU	305B
		_changeCPU	3073
		_convertTileIndex	3120
		_main	315D
		_setUpEniroment	3176
		_clearScreen	3183
		_performantdelay	31DD
		_putchar	31F1
		_setchar	31FA
		_gotoxy	3203
		_posx	320E
		_posy	321F
		.adv_gcurs	3230
		.circle	324D
		.horlin	32F0
		.verlin	3328
		.circplot	3384
		.box	3402
		.line	34D8
		.xonly	35F9
		.yonly	3748
		.plot	3769
		.wrbyte	3786
		.getpix	3808
		.wrtchr	383D
		_gotogxy	38A1
		_wrtchr	38AC
		_getpix	38C1
		_color	38CD
		_circle	38DC
		_box	38F6
		_line	391A
		_plot_point	3932
		_plot	3946
AREA _HEADER
	RADIX HEX
	BASE 0000
	SIZE 01EB
	ATTRIB ABS OVR
	GLOBALS
		_exit	01D2
AREA _HOME
	RADIX HEX
	BASE 3962
	SIZE 04E6
	ATTRIB REL CON
	GLOBALS
		.set_mode	3962
		.remove_VBL	3972
		.remove_LCD	3978
		.remove_TIM	397E
		.remove_SIO	3984
		.remove_JOY	398A
		.add_VBL	3990
		.add_LCD	3996
		.add_TIM	399C
		.add_SIO	39A2
		.add_JOY	39A8
		.remove_int	39AE
		.add_int	39CE
		.wait_vbl_done	39EA
		_wait_vbl_done	39EA
		_display_off	3A01
		.display_off	3A01
		.serial_IO	3A22
		_mode	3A51
		_get_mode	3A5A
		_enable_interrupts	3A5F
		_disable_interrupts	3A61
		_reset	3A63
		.reset	3A63
		_set_interrupts	3A69
		_remove_VBL	3A74
		_remove_LCD	3A7F
		_remove_TIM	3A8A
		_remove_SIO	3A95
		_remove_JOY	3AA0
		_add_VBL	3AAB
		_add_LCD	3AB6
		_add_TIM	3AC1
		_add_SIO	3ACC
		_add_JOY	3AD7
		_clock	3AE2
		__printTStates	3AEB
		banked_call	3AEC
		banked_ret	3B05
		_printf	3B0E
		_sprintf	3B3D
		_strlen	3E11
AREA _BASE
	RADIX HEX
	BASE 3E48
	SIZE 1161
	ATTRIB REL CON
	GLOBALS
		font_copy_uncompressed	3E48
		font_copy_compressed	3E7E
		font_load	3ED3
		font_copy_current	3F1B
		font_set	3F63
		.put_char	3F70
		.out_char	3F89
		.del_char	3F90
		_font_load	3FEB
		_font_set	3FF9
		_font_init	4008
		_cls	402A
		.cls	402A
		.cr_curs	405C
		.adv_curs	4071
		.tmode	40CD
		.tmode_out	40F6
		.padup	4106
		_waitpadup	4106
		.jpad	4116
		.wait_pad	4143
		_joypad	414A
		_waitpad	414F
		__mulschar	4159
		__muluchar	4159
		__mulsint	4165
		__muluint	4165
		.mulu16	4179
		.mul16	4179
		.mv_sprite	418F
		_move_sprite	419E
		_set_win_data	41AB
		_set_bkg_data	41AB
		_set_sprite_data	41F8
		_font_load_ibm_fixed	4227
		_font_ibm_fixed	422E
		_font_ibm_fixed_tiles	4330
		.gmode	4B30
		.vbl	4B92
		.lcd	4B9D
		.draw_image	4BAA
		.switch_data	4BB4
		_switch_data	4BEB
		_draw_image	4C06
		.y_table	4C19
		_strcpy	4D39
		_memcpy	4D4B
		_strcmp	4D6B
		.set_sprite_tile	4D8F
		_set_sprite_tile	4D9C
		.delay	4DA7
		_delay	4DE1
		.init_vram	4DEA
		.init_wtt	4DF8
		.init_btt	4E08
		.init_tt	4E16
		__modslong	4E1C
		__divslong	4E1C
		__mulslong	4E1C
		__divschar	4E1D
		__modschar	4E29
		__divsint	4E34
		__modsint	4E45
		__divuchar	4E54
		__moduchar	4E60
		__divuint	4E6B
		__moduint	4E7C
		.mod8	4E8B
		.div8	4E8B
		.mod16	4E93
		.div16	4E93
		.modu8	4EC9
		.divu8	4EC9
		.modu16	4ECC
		.divu16	4ECC
		.copy_vram	4F09
		_get_data	4F18
		_set_data	4F18
		_set_bkg_tiles	4F2B
		.set_xy_wtt	4F3F
		.set_xy_btt	4F50
		.set_xy_tt	4F5F
		_set_tiles	4F90
AREA _LIT
	RADIX HEX
	BASE 4FA9
	SIZE 0000
	ATTRIB REL CON
AREA _GSINIT
	RADIX HEX
	BASE 4FA9
	SIZE 0434
	ATTRIB REL CON
	GLOBALS
		gsinit	4FA9
AREA _GSINITTAIL
	RADIX HEX
	BASE 53DD
	SIZE 0001
	ATTRIB REL CON
AREA _GSFINAL
	RADIX HEX
	BASE 53DE
	SIZE 0000
	ATTRIB REL CON
AREA _DATA
	RADIX HEX
	BASE C0A0
	SIZE 00DF
	ATTRIB REL CON
	GLOBALS
		_wait	C0A0
		_Smiler	C0A1
		_Female_Player	C0C1
		_spritesize	C141
		_Cursors	C142
		_currentList	C152
		_s	C153
		_player	C161
		_cpu	C171
		_roomType	C17D
		_currentRoom	C17E
AREA _BSS
	RADIX HEX
	BASE C17F
	SIZE 0087
	ATTRIB REL CON
	GLOBALS
		__cpu	C17F
		.mode	C180
		__io_out	C181
		__io_in	C182
		__io_status	C183
		.vbl_done	C184
		__current_bank	C185
		_sys_time	C186
		.sys_time	C186
		.int_0x40	C188
		.int_0x48	C198
		.int_0x50	C1A8
		.int_0x58	C1B8
		.int_0x60	C1C8
		font_current	C1D8
		font_first_free_tile	C1DB
		font_table	C1DC
		.curx	C1EE
		.cury	C1EF
		.fg_colour	C1F0
		.bg_colour	C1F1
AREA _HEAP
	RADIX HEX
	BASE C206
	SIZE 0000
	ATTRIB REL CON
	GLOBALS
		_malloc_heap_start	C206
AREA _OVERLAY
	RADIX HEX
	BASE C206
	SIZE 0000
	ATTRIB REL CON
AREA _ISEG
	RADIX HEX
	BASE C206
	SIZE 0000
	ATTRIB REL CON
AREA _BSEG
	RADIX HEX
	BASE C206
	SIZE 0000
	ATTRIB REL CON
AREA _XSEG
	RADIX HEX
	BASE C206
	SIZE 0000
	ATTRIB REL CON
AREA _SFR
	RADIX HEX
	BASE 0000
	SIZE 10000
	ATTRIB ABS OVR
	GLOBALS
		_P1_REG	FF00
		_SB_REG	FF01
		_SC_REG	FF02
		_DIV_REG	FF04
		_TIMA_REG	FF05
		_TMA_REG	FF06
		_TAC_REG	FF07
		_IF_REG	FF0F
		_NR10_REG	FF10
		_NR11_REG	FF11
		_NR12_REG	FF12
		_NR13_REG	FF13
		_NR14_REG	FF14
		_NR21_REG	FF16
		_NR22_REG	FF17
		_NR23_REG	FF18
		_NR24_REG	FF19
		_NR30_REG	FF1A
		_NR31_REG	FF1B
		_NR32_REG	FF1C
		_NR33_REG	FF1D
		_NR34_REG	FF1E
		_NR41_REG	FF20
		_NR42_REG	FF21
		_NR43_REG	FF22
		_NR44_REG	FF23
		_NR50_REG	FF24
		_NR51_REG	FF25
		_NR52_REG	FF26
		_LCDC_REG	FF40
		_STAT_REG	FF41
		_SCY_REG	FF42
		_SCX_REG	FF43
		_LY_REG	FF44
		_LYC_REG	FF45
		_DMA_REG	FF46
		_BGP_REG	FF47
		_OBP0_REG	FF48
		_OBP1_REG	FF49
		_WY_REG	FF4A
		_WX_REG	FF4B
		_KEY1_REG	FF4D
		_VBK_REG	FF4F
		_HDMA1_REG	FF51
		_HDMA2_REG	FF52
		_HDMA3_REG	FF53
		_HDMA4_REG	FF54
		_HDMA5_REG	FF55
		_RP_REG	FF56
		_BCPS_REG	FF68
		_BCPD_REG	FF69
		_OCPS_REG	FF6A
		_OCPD_REG	FF6B
		_SVBK_REG	FF70
		_IE_REG	FFFF
MODULES
	FILE c:\gbdk\lib/small/asxxxx/gb/crt0.o
		NAME Runtime
	FILE main.o
		NAME lcc215640
LIBRARIES
	LIBRARY c:\gbdk\lib/small/asxxxx/gb/gb.lib
		MODULE sfr.o
	LIBRARY c:\gbdk\lib/small/asxxxx/gb/gb.lib
		MODULE font.o
	LIBRARY c:\gbdk\lib/small/asxxxx/gb/gb.lib
		MODULE pad.o
	LIBRARY c:\gbdk\lib/small/asxxxx/gbz80/gbz80.lib
		MODULE mul.o
	LIBRARY c:\gbdk\lib/small/asxxxx/gb/gb.lib
		MODULE mv_spr.o
	LIBRARY c:\gbdk\lib/small/asxxxx/gb/gb.lib
		MODULE set_data.o
	LIBRARY c:\gbdk\lib/small/asxxxx/gb/gb.lib
		MODULE ibmfixed.o
	LIBRARY c:\gbdk\lib/small/asxxxx/gb/gb.lib
		MODULE drawing.o
	LIBRARY c:\gbdk\lib/small/asxxxx/gbz80/gbz80.lib
		MODULE asm_string.o
	LIBRARY c:\gbdk\lib/small/asxxxx/gb/gb.lib
		MODULE set_spr.o
	LIBRARY c:\gbdk\lib/small/asxxxx/gb/gb.lib
		MODULE delay.o
	LIBRARY c:\gbdk\lib/small/asxxxx/gbz80/gbz80.lib
		MODULE printf.o
	LIBRARY c:\gbdk\lib/small/asxxxx/gb/gb.lib
		MODULE init_tt.o
	LIBRARY c:\gbdk\lib/small/asxxxx/gbz80/gbz80.lib
		MODULE strlen.o
	LIBRARY c:\gbdk\lib/small/asxxxx/gbz80/gbz80.lib
		MODULE div.o
	LIBRARY c:\gbdk\lib/small/asxxxx/gb/gb.lib
		MODULE cpy_data.o
	LIBRARY c:\gbdk\lib/small/asxxxx/gb/gb.lib
		MODULE set_bk_t.o
	LIBRARY c:\gbdk\lib/small/asxxxx/gb/gb.lib
		MODULE set_xy_t.o
USERBASEDEF
	_CODE=0x0200
	_DATA=0xC0A0
	_CODE_1=0x4000
USERGLOBALDEF
	.OAM=0xC000
	.STACK=0xE000
	.refresh_OAM=0xFF80
	.init=0x0000
